2026-05-20 17:20:47,195 [INFO] 
============================================================
2026-05-20 17:20:47,195 [INFO] INGESTING: sample2BM.pdf
2026-05-20 17:20:47,196 [INFO] ============================================================
2026-05-20 17:20:47,196 [INFO] [START] Parsing 'sample2BM.pdf'...
2026-05-20 17:21:03,720 [INFO] HTTP Request: HEAD https://huggingface.co/nomic-ai/nomic-embed-text-v1.5/resolve/main/config.json "HTTP/1.1 307 Temporary Redirect"
2026-05-20 17:21:03,991 [INFO] HTTP Request: HEAD https://huggingface.co/api/resolve-cache/models/nomic-ai/nomic-embed-text-v1.5/e9b6763023c676ca8431644204f50c2b100d9aab/config.json "HTTP/1.1 200 OK"
2026-05-20 17:21:04,257 [INFO] HTTP Request: GET https://huggingface.co/api/resolve-cache/models/nomic-ai/nomic-embed-text-v1.5/e9b6763023c676ca8431644204f50c2b100d9aab/config.json "HTTP/1.1 200 OK"
2026-05-20 17:21:04,542 [INFO] HTTP Request: HEAD https://huggingface.co/nomic-ai/nomic-embed-text-v1.5/resolve/main/tokenizer_config.json "HTTP/1.1 307 Temporary Redirect"
2026-05-20 17:21:04,813 [INFO] HTTP Request: HEAD https://huggingface.co/api/resolve-cache/models/nomic-ai/nomic-embed-text-v1.5/e9b6763023c676ca8431644204f50c2b100d9aab/tokenizer_config.json "HTTP/1.1 200 OK"
2026-05-20 17:21:05,122 [INFO] HTTP Request: GET https://huggingface.co/api/resolve-cache/models/nomic-ai/nomic-embed-text-v1.5/e9b6763023c676ca8431644204f50c2b100d9aab/tokenizer_config.json "HTTP/1.1 200 OK"
2026-05-20 17:21:05,395 [INFO] HTTP Request: GET https://huggingface.co/api/models/nomic-ai/nomic-embed-text-v1.5/tree/main/additional_chat_templates?recursive=false&expand=false "HTTP/1.1 404 Not Found"
2026-05-20 17:21:05,663 [INFO] HTTP Request: GET https://huggingface.co/api/models/nomic-ai/nomic-embed-text-v1.5/tree/main?recursive=true&expand=false "HTTP/1.1 200 OK"
2026-05-20 17:21:05,930 [INFO] HTTP Request: HEAD https://huggingface.co/nomic-ai/nomic-embed-text-v1.5/resolve/main/vocab.txt "HTTP/1.1 307 Temporary Redirect"
2026-05-20 17:21:06,208 [INFO] HTTP Request: HEAD https://huggingface.co/api/resolve-cache/models/nomic-ai/nomic-embed-text-v1.5/e9b6763023c676ca8431644204f50c2b100d9aab/vocab.txt "HTTP/1.1 200 OK"
2026-05-20 17:21:06,478 [INFO] HTTP Request: GET https://huggingface.co/api/resolve-cache/models/nomic-ai/nomic-embed-text-v1.5/e9b6763023c676ca8431644204f50c2b100d9aab/vocab.txt "HTTP/1.1 200 OK"
2026-05-20 17:21:06,750 [INFO] HTTP Request: HEAD https://huggingface.co/nomic-ai/nomic-embed-text-v1.5/resolve/main/tokenizer.json "HTTP/1.1 307 Temporary Redirect"
2026-05-20 17:21:07,022 [INFO] HTTP Request: HEAD https://huggingface.co/api/resolve-cache/models/nomic-ai/nomic-embed-text-v1.5/e9b6763023c676ca8431644204f50c2b100d9aab/tokenizer.json "HTTP/1.1 200 OK"
2026-05-20 17:21:07,299 [INFO] HTTP Request: GET https://huggingface.co/api/resolve-cache/models/nomic-ai/nomic-embed-text-v1.5/e9b6763023c676ca8431644204f50c2b100d9aab/tokenizer.json "HTTP/1.1 200 OK"
2026-05-20 17:21:07,602 [INFO] HTTP Request: HEAD https://huggingface.co/nomic-ai/nomic-embed-text-v1.5/resolve/main/added_tokens.json "HTTP/1.1 404 Not Found"
2026-05-20 17:21:07,875 [INFO] HTTP Request: HEAD https://huggingface.co/nomic-ai/nomic-embed-text-v1.5/resolve/main/special_tokens_map.json "HTTP/1.1 307 Temporary Redirect"
2026-05-20 17:21:08,169 [INFO] HTTP Request: HEAD https://huggingface.co/api/resolve-cache/models/nomic-ai/nomic-embed-text-v1.5/e9b6763023c676ca8431644204f50c2b100d9aab/special_tokens_map.json "HTTP/1.1 200 OK"
2026-05-20 17:21:08,431 [INFO] HTTP Request: GET https://huggingface.co/api/resolve-cache/models/nomic-ai/nomic-embed-text-v1.5/e9b6763023c676ca8431644204f50c2b100d9aab/special_tokens_map.json "HTTP/1.1 200 OK"
2026-05-20 17:21:08,692 [INFO] HTTP Request: HEAD https://huggingface.co/nomic-ai/nomic-embed-text-v1.5/resolve/main/chat_template.jinja "HTTP/1.1 404 Not Found"
2026-05-20 17:21:08,740 [INFO] detected formats: [<InputFormat.PDF: 'pdf'>]
2026-05-20 17:21:08,776 [INFO] Going to convert document batch...
2026-05-20 17:21:08,776 [INFO] Initializing pipeline for StandardPdfPipeline with options hash 80a8a1322ca5ef46817c7adbf875fff6
2026-05-20 17:21:08,787 [INFO] Loading plugin 'docling_defaults'
2026-05-20 17:21:08,789 [INFO] Registered picture descriptions: ['picture_description_vlm_engine', 'vlm', 'api']
2026-05-20 17:21:08,793 [INFO] Loading plugin 'docling_defaults'
2026-05-20 17:21:08,801 [INFO] Registered ocr engines: ['auto', 'easyocr', 'kserve_v2_ocr', 'ocrmac', 'rapidocr', 'tesserocr', 'tesseract']
2026-05-20 17:21:08,802 [INFO] ocrmac cannot be used because ocrmac is not installed.
2026-05-20 17:21:08,802 [INFO] rapidocr cannot be used because onnxruntime is not installed.
2026-05-20 17:21:08,802 [INFO] easyocr cannot be used because it is not installed.
2026-05-20 17:21:09,083 [INFO] Accelerator device: 'mps'
2026-05-20 17:21:09,473 [INFO] Auto OCR model selected rapidocr with torch.
2026-05-20 17:21:09,477 [INFO] Loading plugin 'docling_defaults'
2026-05-20 17:21:09,479 [INFO] Registered layout engines: ['layout_object_detection', 'docling_layout_default', 'docling_experimental_table_crops_layout']
2026-05-20 17:21:09,488 [INFO] Accelerator device: 'mps'
2026-05-20 17:21:09,769 [INFO] HTTP Request: GET https://huggingface.co/api/models/docling-project/docling-layout-heron/revision/main "HTTP/1.1 200 OK"
2026-05-20 17:21:10,781 [INFO] Loading plugin 'docling_defaults'
2026-05-20 17:21:10,783 [INFO] Registered table structure engines: ['docling_tableformer', 'docling_tableformer_v2', 'granite_vision_table']
2026-05-20 17:21:11,055 [INFO] HTTP Request: GET https://huggingface.co/api/models/docling-project/docling-models/revision/v2.3.0 "HTTP/1.1 200 OK"
2026-05-20 17:21:11,090 [INFO] Accelerator device: 'mps'
2026-05-20 17:21:11,741 [INFO] Processing document sample2BM.pdf
2026-05-20 17:21:17,695 [INFO] Finished converting document sample2BM.pdf in 8.96 sec.
2026-05-20 17:21:17,712 [INFO] [DONE] Parsed 3 nodes from 'sample2BM'.
2026-05-20 17:21:17,713 [INFO] [CHECKPOINT SAVED] stage=nodes_raw | doc=sample2BM → .checkpoints/sample2BM__nodes_raw.pkl
2026-05-20 17:21:17,717 [INFO] [START] Enriching 3 remaining nodes (5 at a time) for 'sample2BM'...
2026-05-20 17:21:17,793 [INFO] HTTP Request: POST http://localhost:11434/api/show "HTTP/1.1 200 OK"
2026-05-20 17:21:58,241 [INFO] HTTP Request: POST http://localhost:11434/api/chat "HTTP/1.1 200 OK"
2026-05-20 17:21:58,402 [INFO]   [3/3] OK
2026-05-20 17:22:21,123 [INFO] HTTP Request: POST http://localhost:11434/api/chat "HTTP/1.1 200 OK"
2026-05-20 17:22:21,136 [INFO]   [1/3] OK
2026-05-20 17:22:44,524 [INFO] HTTP Request: POST http://localhost:11434/api/chat "HTTP/1.1 200 OK"
2026-05-20 17:22:44,532 [INFO]   [2/3] OK
2026-05-20 17:22:44,566 [INFO] [CHECKPOINT SAVED] stage=nodes_enriched_partial | doc=sample2BM → .checkpoints/sample2BM__nodes_enriched_partial.pkl
2026-05-20 17:22:44,567 [INFO]   [PARTIAL SAVE] Progress saved at node 3/3.
2026-05-20 17:22:44,604 [INFO] [CHECKPOINT SAVED] stage=nodes_enriched | doc=sample2BM → .checkpoints/sample2BM__nodes_enriched.pkl
2026-05-20 17:22:44,611 [INFO] [CLEANUP] Removed partial checkpoint for 'sample2BM'.
2026-05-20 17:22:44,611 [INFO] [DONE] Enrichment complete for 'sample2BM'.
2026-05-20 17:22:44,625 [INFO] [DONE] Metadata sanitized for 3 nodes.
2026-05-20 17:22:44,626 [INFO] [START] Embedding and uploading 'sample2BM' (3 nodes) to Pinecone...
2026-05-20 17:23:00,435 [INFO] HTTP Request: POST http://localhost:11434/api/embed "HTTP/1.1 200 OK"
2026-05-20 17:23:03,104 [INFO] [DONE] 'sample2BM' successfully uploaded to Pinecone.
2026-05-20 17:23:03,107 [INFO] 
✅ DONE: 'sample2BM' is fully ingested into Pinecone.

2026-05-20 17:36:23,386 [INFO] 
============================================================
2026-05-20 17:36:23,386 [INFO] INGESTING: sample2BM.pdf
2026-05-20 17:36:23,386 [INFO] ============================================================
2026-05-20 17:36:23,386 [INFO] [SKIP] Parsing already done for 'sample2BM'. Loading checkpoint.
2026-05-20 17:36:24,187 [INFO] [CHECKPOINT LOADED] stage=nodes_raw | doc=sample2BM ← .checkpoints/sample2BM__nodes_raw.pkl
2026-05-20 17:36:24,300 [INFO] [SKIP] Enrichment already done for 'sample2BM'. Loading checkpoint.
2026-05-20 17:36:24,300 [INFO] [CHECKPOINT LOADED] stage=nodes_enriched | doc=sample2BM ← .checkpoints/sample2BM__nodes_enriched.pkl
2026-05-20 17:36:24,301 [INFO] [DONE] Metadata sanitized for 3 nodes.
2026-05-20 17:36:24,301 [INFO] [SKIP] 'sample2BM' already uploaded to Pinecone. Skipping.
2026-05-20 17:36:24,301 [INFO] 
✅ DONE: 'sample2BM' is fully ingested into Pinecone.

2026-05-20 17:37:01,738 [INFO] 
============================================================
2026-05-20 17:37:01,738 [INFO] INGESTING: sample2BM.pdf
2026-05-20 17:37:01,738 [INFO] ============================================================
2026-05-20 17:37:01,738 [INFO] [START] Parsing 'sample2BM.pdf'...
2026-05-20 17:37:07,764 [INFO] HTTP Request: HEAD https://huggingface.co/nomic-ai/nomic-embed-text-v1.5/resolve/main/config.json "HTTP/1.1 307 Temporary Redirect"
2026-05-20 17:37:07,790 [INFO] HTTP Request: HEAD https://huggingface.co/api/resolve-cache/models/nomic-ai/nomic-embed-text-v1.5/e9b6763023c676ca8431644204f50c2b100d9aab/config.json "HTTP/1.1 200 OK"
2026-05-20 17:37:08,046 [INFO] HTTP Request: HEAD https://huggingface.co/nomic-ai/nomic-embed-text-v1.5/resolve/main/tokenizer_config.json "HTTP/1.1 307 Temporary Redirect"
2026-05-20 17:37:08,084 [INFO] HTTP Request: HEAD https://huggingface.co/api/resolve-cache/models/nomic-ai/nomic-embed-text-v1.5/e9b6763023c676ca8431644204f50c2b100d9aab/tokenizer_config.json "HTTP/1.1 200 OK"
2026-05-20 17:37:08,346 [INFO] HTTP Request: GET https://huggingface.co/api/models/nomic-ai/nomic-embed-text-v1.5/tree/main/additional_chat_templates?recursive=false&expand=false "HTTP/1.1 404 Not Found"
2026-05-20 17:37:08,616 [INFO] HTTP Request: GET https://huggingface.co/api/models/nomic-ai/nomic-embed-text-v1.5/tree/main?recursive=true&expand=false "HTTP/1.1 200 OK"
2026-05-20 17:37:08,670 [INFO] detected formats: [<InputFormat.PDF: 'pdf'>]
2026-05-20 17:37:08,708 [INFO] Going to convert document batch...
2026-05-20 17:37:08,708 [INFO] Initializing pipeline for StandardPdfPipeline with options hash 80a8a1322ca5ef46817c7adbf875fff6
2026-05-20 17:37:08,713 [INFO] Loading plugin 'docling_defaults'
2026-05-20 17:37:08,715 [INFO] Registered picture descriptions: ['picture_description_vlm_engine', 'vlm', 'api']
2026-05-20 17:37:08,719 [INFO] Loading plugin 'docling_defaults'
2026-05-20 17:37:08,726 [INFO] Registered ocr engines: ['auto', 'easyocr', 'kserve_v2_ocr', 'ocrmac', 'rapidocr', 'tesserocr', 'tesseract']
2026-05-20 17:37:08,726 [INFO] ocrmac cannot be used because ocrmac is not installed.
2026-05-20 17:37:08,726 [INFO] rapidocr cannot be used because onnxruntime is not installed.
2026-05-20 17:37:08,726 [INFO] easyocr cannot be used because it is not installed.
2026-05-20 17:37:09,018 [INFO] Accelerator device: 'mps'
2026-05-20 17:37:09,407 [INFO] Auto OCR model selected rapidocr with torch.
2026-05-20 17:37:09,412 [INFO] Loading plugin 'docling_defaults'
2026-05-20 17:37:09,415 [INFO] Registered layout engines: ['layout_object_detection', 'docling_layout_default', 'docling_experimental_table_crops_layout']
2026-05-20 17:37:09,423 [INFO] Accelerator device: 'mps'
2026-05-20 17:37:09,706 [INFO] HTTP Request: GET https://huggingface.co/api/models/docling-project/docling-layout-heron/revision/main "HTTP/1.1 200 OK"
2026-05-20 17:37:10,754 [INFO] Loading plugin 'docling_defaults'
2026-05-20 17:37:10,756 [INFO] Registered table structure engines: ['docling_tableformer', 'docling_tableformer_v2', 'granite_vision_table']
2026-05-20 17:37:11,013 [INFO] HTTP Request: GET https://huggingface.co/api/models/docling-project/docling-models/revision/v2.3.0 "HTTP/1.1 200 OK"
2026-05-20 17:37:11,045 [INFO] Accelerator device: 'mps'
2026-05-20 17:37:11,712 [INFO] Processing document sample2BM.pdf
2026-05-20 17:37:15,849 [INFO] Finished converting document sample2BM.pdf in 7.18 sec.
2026-05-20 17:37:15,863 [INFO] [DONE] Parsed 3 nodes from 'sample2BM'.
2026-05-20 17:37:15,864 [INFO] [CHECKPOINT SAVED] stage=nodes_raw | doc=sample2BM → .checkpoints/sample2BM__nodes_raw.pkl
2026-05-20 17:37:15,868 [INFO] [START] Enriching 3 remaining nodes (5 at a time) for 'sample2BM'...
2026-05-20 17:37:15,911 [INFO] HTTP Request: POST http://localhost:11434/api/show "HTTP/1.1 200 OK"
2026-05-20 17:37:51,577 [INFO] HTTP Request: POST http://localhost:11434/api/chat "HTTP/1.1 200 OK"
2026-05-20 17:37:51,740 [INFO]   [3/3] OK
2026-05-20 17:38:12,600 [INFO] HTTP Request: POST http://localhost:11434/api/chat "HTTP/1.1 200 OK"
2026-05-20 17:38:12,614 [INFO]   [2/3] OK
2026-05-20 17:38:46,426 [INFO] HTTP Request: POST http://localhost:11434/api/chat "HTTP/1.1 200 OK"
2026-05-20 17:38:46,436 [INFO]   [1/3] OK
2026-05-20 17:38:46,483 [INFO] [CHECKPOINT SAVED] stage=nodes_enriched_partial | doc=sample2BM → .checkpoints/sample2BM__nodes_enriched_partial.pkl
2026-05-20 17:38:46,483 [INFO]   [PARTIAL SAVE] Progress saved at node 3/3.
2026-05-20 17:38:46,509 [INFO] [CHECKPOINT SAVED] stage=nodes_enriched | doc=sample2BM → .checkpoints/sample2BM__nodes_enriched.pkl
2026-05-20 17:38:46,510 [INFO] [CLEANUP] Removed partial checkpoint for 'sample2BM'.
2026-05-20 17:38:46,510 [INFO] [DONE] Enrichment complete for 'sample2BM'.
2026-05-20 17:38:46,514 [INFO] [DONE] Metadata sanitized for 3 nodes.
2026-05-20 17:38:46,515 [INFO] [START] Embedding and uploading 'sample2BM' (3 nodes) to Pinecone...
2026-05-20 17:38:50,791 [INFO] HTTP Request: POST http://localhost:11434/api/embed "HTTP/1.1 200 OK"
2026-05-20 17:42:11,854 [INFO] 
============================================================
2026-05-20 17:42:11,854 [INFO] INGESTING: sample2BM.pdf
2026-05-20 17:42:11,854 [INFO] ============================================================
2026-05-20 17:42:11,854 [INFO] [SKIP] Parsing already done for 'sample2BM'. Loading checkpoint.
2026-05-20 17:42:13,072 [INFO] [CHECKPOINT LOADED] stage=nodes_raw | doc=sample2BM ← .checkpoints/sample2BM__nodes_raw.pkl
2026-05-20 17:42:13,203 [INFO] [SKIP] Enrichment already done for 'sample2BM'. Loading checkpoint.
2026-05-20 17:42:13,204 [INFO] [CHECKPOINT LOADED] stage=nodes_enriched | doc=sample2BM ← .checkpoints/sample2BM__nodes_enriched.pkl
2026-05-20 17:42:13,204 [INFO] [DONE] Metadata sanitized for 3 nodes.
2026-05-20 17:42:13,204 [INFO] [START] Embedding and uploading 'sample2BM' (3 nodes) to Pinecone...
2026-05-20 17:42:14,714 [INFO] HTTP Request: POST http://localhost:11434/api/embed "HTTP/1.1 200 OK"
2026-05-20 17:43:46,388 [INFO] 
============================================================
2026-05-20 17:43:46,389 [INFO] INGESTING: sample2BM.pdf
2026-05-20 17:43:46,389 [INFO] ============================================================
2026-05-20 17:43:46,389 [INFO] [SKIP] Parsing already done for 'sample2BM'. Loading checkpoint.
2026-05-20 17:43:47,342 [INFO] [CHECKPOINT LOADED] stage=nodes_raw | doc=sample2BM ← .checkpoints/sample2BM__nodes_raw.pkl
2026-05-20 17:43:47,463 [INFO] [SKIP] Enrichment already done for 'sample2BM'. Loading checkpoint.
2026-05-20 17:43:47,464 [INFO] [CHECKPOINT LOADED] stage=nodes_enriched | doc=sample2BM ← .checkpoints/sample2BM__nodes_enriched.pkl
2026-05-20 17:43:47,464 [INFO] [DONE] Metadata sanitized for 3 nodes.
2026-05-20 17:43:47,464 [INFO] [START] Embedding and uploading 'sample2BM' (3 nodes) to Pinecone...
2026-05-20 17:43:48,970 [INFO] HTTP Request: POST http://localhost:11434/api/embed "HTTP/1.1 200 OK"
2026-05-20 17:43:50,912 [INFO] [DONE] 'sample2BM' successfully uploaded to Pinecone.
2026-05-20 17:43:50,914 [INFO] 
✅ DONE: 'sample2BM' is fully ingested into Pinecone.

